# elec. energy (eV) sin2_half_theta_sf_ew New sin2_half_theta_sf_ew*New (for transition energy: 19 meV)
-1.0574854e-01           -nan           -nan           -nan
-1.0524854e-01           -nan           -nan           -nan
-1.0474854e-01           -nan           -nan           -nan
-1.0424854e-01           -nan           -nan           -nan
-1.0374854e-01           -nan           -nan           -nan
-1.0324854e-01           -nan           -nan           -nan
-1.0274854e-01           -nan           -nan           -nan
-1.0224854e-01           -nan           -nan           -nan
-1.0174854e-01           -nan           -nan           -nan
-1.0124854e-01           -nan           -nan           -nan
-1.0074854e-01           -nan           -nan           -nan
-1.0024854e-01           -nan           -nan           -nan
-9.9748543e-02           -nan           -nan           -nan
-9.9248543e-02           -nan           -nan           -nan
-9.8748543e-02           -nan           -nan           -nan
-9.8248543e-02           -nan           -nan           -nan
-9.7748543e-02           -nan           -nan           -nan
-9.7248543e-02           -nan           -nan           -nan
-9.6748543e-02  1.6555346e-01  7.6173007e-02  1.2610705e-02
-9.6248543e-02  1.5904943e-01  6.9235752e-02  1.1011907e-02
-9.5748543e-02           -nan           -nan           -nan
-9.5248543e-02           -nan           -nan           -nan
-9.4748543e-02           -nan           -nan           -nan
-9.4248543e-02           -nan           -nan           -nan
-9.3748543e-02           -nan           -nan           -nan
-9.3248543e-02           -nan           -nan           -nan
-9.2748543e-02           -nan           -nan           -nan
-9.2248543e-02           -nan           -nan           -nan
-9.1748543e-02           -nan           -nan           -nan
-9.1248543e-02           -nan           -nan           -nan
-9.0748543e-02           -nan           -nan           -nan
-9.0248543e-02           -nan           -nan           -nan
-8.9748543e-02           -nan           -nan           -nan
-8.9248543e-02           -nan           -nan           -nan
-8.8748543e-02           -nan           -nan           -nan
-8.8248543e-02           -nan           -nan           -nan
-8.7748543e-02           -nan           -nan           -nan
-8.7248543e-02           -nan           -nan           -nan
-8.6748543e-02           -nan           -nan           -nan
-8.6248543e-02           -nan           -nan           -nan
-8.5748543e-02           -nan           -nan           -nan
-8.5248543e-02           -nan           -nan           -nan
-8.4748543e-02           -nan           -nan           -nan
-8.4248543e-02           -nan           -nan           -nan
-8.3748543e-02           -nan           -nan           -nan
-8.3248543e-02           -nan           -nan           -nan
-8.2748543e-02           -nan           -nan           -nan
-8.2248543e-02           -nan           -nan           -nan
-8.1748543e-02           -nan           -nan           -nan
-8.1248543e-02  1.6352121e-01  5.5395442e-02  9.0583294e-03
-8.0748543e-02           -nan           -nan           -nan
-8.0248543e-02           -nan           -nan           -nan
-7.9748543e-02           -nan           -nan           -nan
-7.9248543e-02           -nan           -nan           -nan
-7.8748543e-02           -nan           -nan           -nan
-7.8248543e-02           -nan           -nan           -nan
-7.7748543e-02           -nan           -nan           -nan
-7.7248543e-02           -nan           -nan           -nan
-7.6748543e-02           -nan           -nan           -nan
-7.6248543e-02           -nan           -nan           -nan
-7.5748543e-02           -nan           -nan           -nan
-7.5248543e-02           -nan           -nan           -nan
-7.4748543e-02           -nan           -nan           -nan
-7.4248543e-02           -nan           -nan           -nan
-7.3748543e-02           -nan           -nan           -nan
-7.3248543e-02           -nan           -nan           -nan
-7.2748543e-02           -nan           -nan           -nan
-7.2248543e-02           -nan           -nan           -nan
-7.1748543e-02           -nan           -nan           -nan
-7.1248543e-02           -nan           -nan           -nan
-7.0748543e-02           -nan           -nan           -nan
-7.0248543e-02           -nan           -nan           -nan
-6.9748543e-02           -nan           -nan           -nan
-6.9248543e-02           -nan           -nan           -nan
-6.8748543e-02           -nan           -nan           -nan
-6.8248543e-02           -nan           -nan           -nan
-6.7748543e-02           -nan           -nan           -nan
-6.7248543e-02           -nan           -nan           -nan
-6.6748543e-02           -nan           -nan           -nan
-6.6248543e-02           -nan           -nan           -nan
-6.5748543e-02           -nan           -nan           -nan
-6.5248543e-02           -nan           -nan           -nan
-6.4748543e-02           -nan           -nan           -nan
-6.4248543e-02           -nan           -nan           -nan
-6.3748543e-02           -nan           -nan           -nan
-6.3248543e-02           -nan           -nan           -nan
-6.2748543e-02           -nan           -nan           -nan
-6.2248543e-02           -nan           -nan           -nan
-6.1748543e-02           -nan           -nan           -nan
-6.1248543e-02           -nan           -nan           -nan
-6.0748543e-02           -nan           -nan           -nan
-6.0248543e-02           -nan           -nan           -nan
-5.9748543e-02           -nan           -nan           -nan
-5.9248543e-02           -nan           -nan           -nan
-5.8748543e-02           -nan           -nan           -nan
-5.8248543e-02           -nan           -nan           -nan
-5.7748543e-02           -nan           -nan           -nan
-5.7248543e-02           -nan           -nan           -nan
-5.6748543e-02           -nan           -nan           -nan
-5.6248543e-02           -nan           -nan           -nan
-5.5748543e-02           -nan           -nan           -nan
-5.5248543e-02           -nan           -nan           -nan
-5.4748543e-02           -nan           -nan           -nan
-5.4248543e-02           -nan           -nan           -nan
-5.3748543e-02           -nan           -nan           -nan
-5.3248543e-02           -nan           -nan           -nan
-5.2748543e-02           -nan           -nan           -nan
-5.2248543e-02           -nan           -nan           -nan
-5.1748543e-02           -nan           -nan           -nan
-5.1248543e-02           -nan           -nan           -nan
-5.0748543e-02           -nan           -nan           -nan
-5.0248543e-02           -nan           -nan           -nan
-4.9748543e-02           -nan           -nan           -nan
-4.9248543e-02           -nan           -nan           -nan
-4.8748543e-02           -nan           -nan           -nan
-4.8248543e-02           -nan           -nan           -nan
-4.7748543e-02           -nan           -nan           -nan
-4.7248543e-02           -nan           -nan           -nan
-4.6748543e-02           -nan           -nan           -nan
-4.6248543e-02           -nan           -nan           -nan
-4.5748543e-02           -nan           -nan           -nan
-4.5248543e-02           -nan           -nan           -nan
-4.4748543e-02           -nan           -nan           -nan
-4.4248543e-02           -nan           -nan           -nan
-4.3748543e-02           -nan           -nan           -nan
-4.3248543e-02           -nan           -nan           -nan
-4.2748543e-02           -nan           -nan           -nan
-4.2248543e-02           -nan           -nan           -nan
-4.1748543e-02           -nan           -nan           -nan
-4.1248543e-02           -nan           -nan           -nan
-4.0748543e-02           -nan           -nan           -nan
-4.0248543e-02           -nan           -nan           -nan
-3.9748543e-02           -nan           -nan           -nan
-3.9248543e-02           -nan           -nan           -nan
-3.8748543e-02           -nan           -nan           -nan
-3.8248543e-02           -nan           -nan           -nan
-3.7748543e-02           -nan           -nan           -nan
-3.7248543e-02           -nan           -nan           -nan
-3.6748543e-02           -nan           -nan           -nan
-3.6248543e-02           -nan           -nan           -nan
-3.5748543e-02           -nan           -nan           -nan
-3.5248543e-02           -nan           -nan           -nan
-3.4748543e-02           -nan           -nan           -nan
-3.4248543e-02           -nan           -nan           -nan
-3.3748543e-02           -nan           -nan           -nan
-3.3248543e-02           -nan           -nan           -nan
-3.2748543e-02           -nan           -nan           -nan
-3.2248543e-02           -nan           -nan           -nan
-3.1748543e-02           -nan           -nan           -nan
-3.1248543e-02           -nan           -nan           -nan
-3.0748543e-02           -nan           -nan           -nan
-3.0248543e-02           -nan           -nan           -nan
-2.9748543e-02           -nan           -nan           -nan
-2.9248543e-02           -nan           -nan           -nan
-2.8748543e-02           -nan           -nan           -nan
-2.8248543e-02           -nan           -nan           -nan
-2.7748543e-02           -nan           -nan           -nan
-2.7248543e-02           -nan           -nan           -nan
-2.6748543e-02           -nan           -nan           -nan
-2.6248543e-02           -nan           -nan           -nan
-2.5748543e-02           -nan           -nan           -nan
-2.5248543e-02           -nan           -nan           -nan
-2.4748543e-02           -nan           -nan           -nan
-2.4248543e-02           -nan           -nan           -nan
-2.3748543e-02           -nan           -nan           -nan
-2.3248543e-02  2.1410265e-01  1.6034075e-01  3.4329381e-02
-2.2748543e-02           -nan           -nan           -nan
-2.2248543e-02           -nan           -nan           -nan
-2.1748543e-02           -nan           -nan           -nan
-2.1248543e-02           -nan           -nan           -nan
-2.0748543e-02           -nan           -nan           -nan
-2.0248543e-02           -nan           -nan           -nan
-1.9748543e-02           -nan           -nan           -nan
-1.9248543e-02           -nan           -nan           -nan
-1.8748543e-02           -nan           -nan           -nan
-1.8248543e-02           -nan           -nan           -nan
-1.7748543e-02           -nan           -nan           -nan
-1.7248543e-02           -nan           -nan           -nan
-1.6748543e-02           -nan           -nan           -nan
-1.6248543e-02           -nan           -nan           -nan
-1.5748543e-02           -nan           -nan           -nan
-1.5248543e-02           -nan           -nan           -nan
-1.4748543e-02           -nan           -nan           -nan
-1.4248543e-02           -nan           -nan           -nan
-1.3748543e-02           -nan           -nan           -nan
-1.3248543e-02           -nan           -nan           -nan
-1.2748543e-02           -nan           -nan           -nan
-1.2248543e-02           -nan           -nan           -nan
-1.1748543e-02           -nan           -nan           -nan
-1.1248543e-02           -nan           -nan           -nan
-1.0748543e-02           -nan           -nan           -nan
-1.0248543e-02           -nan           -nan           -nan
-9.7485434e-03           -nan           -nan           -nan
-9.2485434e-03           -nan           -nan           -nan
-8.7485434e-03           -nan           -nan           -nan
-8.2485434e-03           -nan           -nan           -nan
-7.7485434e-03           -nan           -nan           -nan
-7.2485434e-03  2.1290951e-01  1.1374263e-01  2.4216887e-02
-6.7485434e-03           -nan           -nan           -nan
-6.2485434e-03           -nan           -nan           -nan
-5.7485434e-03           -nan           -nan           -nan
-5.2485434e-03           -nan           -nan           -nan
-4.7485434e-03           -nan           -nan           -nan
-4.2485434e-03           -nan           -nan           -nan
-3.7485434e-03           -nan           -nan           -nan
-3.2485434e-03           -nan           -nan           -nan
-2.7485434e-03           -nan           -nan           -nan
-2.2485434e-03           -nan           -nan           -nan
-1.7485434e-03           -nan           -nan           -nan
-1.2485434e-03           -nan           -nan           -nan
-7.4854344e-04           -nan           -nan           -nan
-2.4854344e-04  2.3493988e-01  2.6051765e-02  6.1205986e-03
 2.5145656e-04           -nan           -nan           -nan
 1.4297491e+00           -nan           -nan           -nan
 1.4302491e+00  0.0000000e+00  2.4796964e-21  0.0000000e+00
 1.4307491e+00           -nan           -nan           -nan
 1.4312491e+00           -nan           -nan           -nan
 1.4317491e+00           -nan           -nan           -nan
 1.4322491e+00           -nan           -nan           -nan
 1.4327491e+00           -nan           -nan           -nan
 1.4332491e+00           -nan           -nan           -nan
 1.4337491e+00           -nan           -nan           -nan
 1.4342491e+00           -nan           -nan           -nan
 1.4347491e+00           -nan           -nan           -nan
 1.4352491e+00           -nan           -nan           -nan
 1.4357491e+00           -nan           -nan           -nan
 1.4362491e+00           -nan           -nan           -nan
 1.4367491e+00           -nan           -nan           -nan
 1.4372491e+00           -nan           -nan           -nan
 1.4377491e+00           -nan           -nan           -nan
 1.4382491e+00           -nan           -nan           -nan
 1.4387491e+00           -nan           -nan           -nan
 1.4392491e+00           -nan           -nan           -nan
 1.4397491e+00           -nan           -nan           -nan
 1.4402491e+00           -nan           -nan           -nan
 1.4407491e+00           -nan           -nan           -nan
 1.4412491e+00           -nan           -nan           -nan
 1.4417491e+00           -nan           -nan           -nan
 1.4422491e+00           -nan           -nan           -nan
 1.4427491e+00           -nan           -nan           -nan
 1.4432491e+00           -nan           -nan           -nan
 1.4437491e+00           -nan           -nan           -nan
 1.4442491e+00           -nan           -nan           -nan
 1.4447491e+00           -nan           -nan           -nan
 1.4452491e+00           -nan           -nan           -nan
 1.4457491e+00           -nan           -nan           -nan
 1.4462491e+00           -nan           -nan           -nan
 1.4467491e+00           -nan           -nan           -nan
 1.4472491e+00           -nan           -nan           -nan
 1.4477491e+00           -nan           -nan           -nan
 1.4482491e+00           -nan           -nan           -nan
 1.4487491e+00           -nan           -nan           -nan
 1.4492491e+00           -nan           -nan           -nan
 1.4497491e+00           -nan           -nan           -nan
 1.4502491e+00           -nan           -nan           -nan
 1.4507491e+00           -nan           -nan           -nan
 1.4512491e+00           -nan           -nan           -nan
 1.4517491e+00           -nan           -nan           -nan
 1.4522491e+00           -nan           -nan           -nan
 1.4527491e+00           -nan           -nan           -nan
 1.4532491e+00           -nan           -nan           -nan
 1.4537491e+00           -nan           -nan           -nan
 1.4542491e+00           -nan           -nan           -nan
 1.4547491e+00           -nan           -nan           -nan
 1.4552491e+00           -nan           -nan           -nan
 1.4557491e+00           -nan           -nan           -nan
 1.4562491e+00           -nan           -nan           -nan
 1.4567491e+00           -nan           -nan           -nan
 1.4572491e+00           -nan           -nan           -nan
 1.4577491e+00           -nan           -nan           -nan
 1.4582491e+00           -nan           -nan           -nan
 1.4587491e+00           -nan           -nan           -nan
 1.4592491e+00           -nan           -nan           -nan
 1.4597491e+00           -nan           -nan           -nan
 1.4602491e+00           -nan           -nan           -nan
 1.4607491e+00           -nan           -nan           -nan
 1.4612491e+00           -nan           -nan           -nan
 1.4617491e+00           -nan           -nan           -nan
 1.4622491e+00           -nan           -nan           -nan
 1.4627491e+00           -nan           -nan           -nan
 1.4632491e+00           -nan           -nan           -nan
 1.4637491e+00           -nan           -nan           -nan
 1.4642491e+00           -nan           -nan           -nan
 1.4647491e+00           -nan           -nan           -nan
 1.4652491e+00           -nan           -nan           -nan
 1.4657491e+00           -nan           -nan           -nan
 1.4662491e+00           -nan           -nan           -nan
 1.4667491e+00           -nan           -nan           -nan
 1.4672491e+00           -nan           -nan           -nan
 1.4677491e+00           -nan           -nan           -nan
 1.4682491e+00           -nan           -nan           -nan
 1.4687491e+00           -nan           -nan           -nan
 1.4692491e+00           -nan           -nan           -nan
 1.4697491e+00           -nan           -nan           -nan
 1.4702491e+00           -nan           -nan           -nan
 1.4707491e+00           -nan           -nan           -nan
 1.4712491e+00           -nan           -nan           -nan
 1.4717491e+00           -nan           -nan           -nan
 1.4722491e+00           -nan           -nan           -nan
 1.4727491e+00           -nan           -nan           -nan
 1.4732491e+00           -nan           -nan           -nan
 1.4737491e+00           -nan           -nan           -nan
 1.4742491e+00           -nan           -nan           -nan
 1.4747491e+00           -nan           -nan           -nan
 1.4752491e+00           -nan           -nan           -nan
 1.4757491e+00           -nan           -nan           -nan
 1.4762491e+00           -nan           -nan           -nan
 1.4767491e+00           -nan           -nan           -nan
 1.4772491e+00           -nan           -nan           -nan
 1.4777491e+00           -nan           -nan           -nan
 1.4782491e+00           -nan           -nan           -nan
 1.4787491e+00           -nan           -nan           -nan
 1.4792491e+00           -nan           -nan           -nan
 1.4797491e+00           -nan           -nan           -nan
 1.4802491e+00           -nan           -nan           -nan
 1.4807491e+00           -nan           -nan           -nan
 1.4812491e+00           -nan           -nan           -nan
 1.4817491e+00           -nan           -nan           -nan
 1.4822491e+00           -nan           -nan           -nan
 1.4827491e+00           -nan           -nan           -nan
 1.4832491e+00           -nan           -nan           -nan
 1.4837491e+00           -nan           -nan           -nan
 1.4842491e+00           -nan           -nan           -nan
 1.4847491e+00           -nan           -nan           -nan
 1.4852491e+00           -nan           -nan           -nan
 1.4857491e+00           -nan           -nan           -nan
 1.4862491e+00           -nan           -nan           -nan
 1.4867491e+00           -nan           -nan           -nan
 1.4872491e+00           -nan           -nan           -nan
 1.4877491e+00           -nan           -nan           -nan
 1.4882491e+00           -nan           -nan           -nan
 1.4887491e+00           -nan           -nan           -nan
 1.4892491e+00           -nan           -nan           -nan
 1.4897491e+00           -nan           -nan           -nan
 1.4902491e+00           -nan           -nan           -nan
 1.4907491e+00           -nan           -nan           -nan
 1.4912491e+00           -nan           -nan           -nan
 1.4917491e+00           -nan           -nan           -nan
 1.4922491e+00           -nan           -nan           -nan
 1.4927491e+00           -nan           -nan           -nan
 1.4932491e+00           -nan           -nan           -nan
 1.4937491e+00           -nan           -nan           -nan
 1.4942491e+00           -nan           -nan           -nan
 1.4947491e+00           -nan           -nan           -nan
 1.4952491e+00           -nan           -nan           -nan
 1.4957491e+00           -nan           -nan           -nan
 1.4962491e+00           -nan           -nan           -nan
 1.4967491e+00           -nan           -nan           -nan
 1.4972491e+00           -nan           -nan           -nan
 1.4977491e+00           -nan           -nan           -nan
 1.4982491e+00           -nan           -nan           -nan
 1.4987491e+00           -nan           -nan           -nan
 1.4992491e+00           -nan           -nan           -nan
 1.4997491e+00           -nan           -nan           -nan
 1.5002491e+00           -nan           -nan           -nan
 1.5007491e+00           -nan           -nan           -nan
 1.5012491e+00           -nan           -nan           -nan
 1.5017491e+00           -nan           -nan           -nan
 1.5022491e+00           -nan           -nan           -nan
 1.5027491e+00           -nan           -nan           -nan
 1.5032491e+00           -nan           -nan           -nan
 1.5037491e+00           -nan           -nan           -nan
 1.5042491e+00           -nan           -nan           -nan
 1.5047491e+00           -nan           -nan           -nan
 1.5052491e+00           -nan           -nan           -nan
 1.5057491e+00           -nan           -nan           -nan
 1.5062491e+00           -nan           -nan           -nan
 1.5067491e+00           -nan           -nan           -nan
 1.5072491e+00           -nan           -nan           -nan
 1.5077491e+00           -nan           -nan           -nan
 1.5082491e+00           -nan           -nan           -nan
 1.5087491e+00           -nan           -nan           -nan
 1.5092491e+00           -nan           -nan           -nan
 1.5097491e+00           -nan           -nan           -nan
 1.5102491e+00           -nan           -nan           -nan
 1.5107491e+00           -nan           -nan           -nan
 1.5112491e+00           -nan           -nan           -nan
 1.5117491e+00           -nan           -nan           -nan
 1.5122491e+00           -nan           -nan           -nan
 1.5127491e+00           -nan           -nan           -nan
 1.5132491e+00           -nan           -nan           -nan
 1.5137491e+00           -nan           -nan           -nan
 1.5142491e+00           -nan           -nan           -nan
 1.5147491e+00           -nan           -nan           -nan
 1.5152491e+00           -nan           -nan           -nan
 1.5157491e+00           -nan           -nan           -nan
 1.5162491e+00           -nan           -nan           -nan
 1.5167491e+00           -nan           -nan           -nan
 1.5172491e+00           -nan           -nan           -nan
 1.5177491e+00           -nan           -nan           -nan
 1.5182491e+00           -nan           -nan           -nan
 1.5187491e+00           -nan           -nan           -nan
 1.5192491e+00           -nan           -nan           -nan
 1.5197491e+00           -nan           -nan           -nan
 1.5202491e+00           -nan           -nan           -nan
 1.5207491e+00           -nan           -nan           -nan
 1.5212491e+00           -nan           -nan           -nan
 1.5217491e+00           -nan           -nan           -nan
 1.5222491e+00           -nan           -nan           -nan
 1.5227491e+00           -nan           -nan           -nan
 1.5232491e+00           -nan           -nan           -nan
 1.5237491e+00           -nan           -nan           -nan
 1.5242491e+00           -nan           -nan           -nan
 1.5247491e+00           -nan           -nan           -nan
 1.5252491e+00           -nan           -nan           -nan
 1.5257491e+00           -nan           -nan           -nan
 1.5262491e+00           -nan           -nan           -nan
 1.5267491e+00           -nan           -nan           -nan
 1.5272491e+00           -nan           -nan           -nan
 1.5277491e+00           -nan           -nan           -nan
 1.5282491e+00           -nan           -nan           -nan
 1.5287491e+00           -nan           -nan           -nan
 1.5292491e+00           -nan           -nan           -nan
 1.5297491e+00           -nan           -nan           -nan
 1.5302491e+00  2.2209857e-01  9.6506418e-12  2.1433938e-12
 1.5307491e+00           -nan           -nan           -nan
 1.5312491e+00           -nan           -nan           -nan
 1.5317491e+00           -nan           -nan           -nan
 1.5322491e+00           -nan           -nan           -nan
 1.5327491e+00           -nan           -nan           -nan
 1.5332491e+00           -nan           -nan           -nan
 1.5337491e+00           -nan           -nan           -nan
 1.5342491e+00           -nan           -nan           -nan
 1.5347491e+00           -nan           -nan           -nan
 1.5352491e+00           -nan           -nan           -nan
 1.5357491e+00           -nan           -nan           -nan
 1.5362491e+00           -nan           -nan           -nan
 1.5367491e+00           -nan           -nan           -nan
 1.5372491e+00           -nan           -nan           -nan
 1.5377491e+00           -nan           -nan           -nan
 1.5382491e+00           -nan           -nan           -nan
 1.5387491e+00           -nan           -nan           -nan
 1.5392491e+00           -nan           -nan           -nan
 1.5397491e+00           -nan           -nan           -nan
 1.5402491e+00           -nan           -nan           -nan
 1.5407491e+00           -nan           -nan           -nan
 1.5412491e+00           -nan           -nan           -nan
 1.5417491e+00           -nan           -nan           -nan
 1.5422491e+00           -nan           -nan           -nan
 1.5427491e+00           -nan           -nan           -nan
 1.5432491e+00           -nan           -nan           -nan
 1.5437491e+00           -nan           -nan           -nan
 1.5442491e+00           -nan           -nan           -nan
 1.5447491e+00           -nan           -nan           -nan
 1.5452491e+00           -nan           -nan           -nan
 1.5457491e+00           -nan           -nan           -nan
 1.5462491e+00           -nan           -nan           -nan
 1.5467491e+00           -nan           -nan           -nan
 1.5472491e+00           -nan           -nan           -nan
 1.5477491e+00           -nan           -nan           -nan
 1.5482491e+00           -nan           -nan           -nan
 1.5487491e+00           -nan           -nan           -nan
 1.5492491e+00           -nan           -nan           -nan
 1.5497491e+00           -nan           -nan           -nan
 1.5502491e+00           -nan           -nan           -nan
 1.5507491e+00           -nan           -nan           -nan
 1.5512491e+00           -nan           -nan           -nan
 1.5517491e+00           -nan           -nan           -nan
 1.5522491e+00           -nan           -nan           -nan
 1.5527491e+00           -nan           -nan           -nan
 1.5532491e+00           -nan           -nan           -nan
 1.5537491e+00           -nan           -nan           -nan
 1.5542491e+00           -nan           -nan           -nan
 1.5547491e+00           -nan           -nan           -nan
 1.5552491e+00           -nan           -nan           -nan
 1.5557491e+00           -nan           -nan           -nan
 1.5562491e+00           -nan           -nan           -nan
 1.5567491e+00           -nan           -nan           -nan
 1.5572491e+00           -nan           -nan           -nan
 1.5577491e+00           -nan           -nan           -nan
 1.5582491e+00           -nan           -nan           -nan
 1.5587491e+00           -nan           -nan           -nan
 1.5592491e+00           -nan           -nan           -nan
 1.5597491e+00           -nan           -nan           -nan
 1.5602491e+00           -nan           -nan           -nan
 1.5607491e+00           -nan           -nan           -nan
 1.5612491e+00           -nan           -nan           -nan
 1.5617491e+00           -nan           -nan           -nan
 1.5622491e+00           -nan           -nan           -nan
 1.5627491e+00           -nan           -nan           -nan
 1.5632491e+00  2.2209857e-01  1.2867522e-11  2.8578583e-12
 1.5637491e+00           -nan           -nan           -nan
 1.5642491e+00           -nan           -nan           -nan
 1.5647491e+00           -nan           -nan           -nan
 1.5652491e+00           -nan           -nan           -nan
 1.5657491e+00           -nan           -nan           -nan
 1.5662491e+00           -nan           -nan           -nan
 1.5667491e+00           -nan           -nan           -nan
 1.5672491e+00           -nan           -nan           -nan
 1.5677491e+00           -nan           -nan           -nan
 1.5682491e+00           -nan           -nan           -nan
 1.5687491e+00           -nan           -nan           -nan
 1.5692491e+00           -nan           -nan           -nan
 1.5697491e+00           -nan           -nan           -nan
 1.5702491e+00           -nan           -nan           -nan
 1.5707491e+00           -nan           -nan           -nan
 1.5712491e+00           -nan           -nan           -nan
 1.5717491e+00           -nan           -nan           -nan
 1.5722491e+00           -nan           -nan           -nan
 1.5727491e+00           -nan           -nan           -nan
 1.5732491e+00           -nan           -nan           -nan
 1.5737491e+00           -nan           -nan           -nan
 1.5742491e+00           -nan           -nan           -nan
 1.5747491e+00           -nan           -nan           -nan
 1.5752491e+00           -nan           -nan           -nan
 1.5757491e+00           -nan           -nan           -nan
 1.5762491e+00           -nan           -nan           -nan
 1.5767491e+00           -nan           -nan           -nan
 1.5772491e+00           -nan           -nan           -nan
 1.5777491e+00           -nan           -nan           -nan
 1.5782491e+00           -nan           -nan           -nan
 1.5787491e+00           -nan           -nan           -nan
 1.5792491e+00           -nan           -nan           -nan
 1.5797491e+00           -nan           -nan           -nan
 1.5802491e+00           -nan           -nan           -nan
 1.5807491e+00           -nan           -nan           -nan
 1.5812491e+00           -nan           -nan           -nan
 1.5817491e+00           -nan           -nan           -nan
 1.5822491e+00           -nan           -nan           -nan
 1.5827491e+00           -nan           -nan           -nan
 1.5832491e+00           -nan           -nan           -nan
 1.5837491e+00           -nan           -nan           -nan
 1.5842491e+00           -nan           -nan           -nan
 1.5847491e+00           -nan           -nan           -nan
 1.5852491e+00           -nan           -nan           -nan
 1.5857491e+00           -nan           -nan           -nan
 1.5862491e+00           -nan           -nan           -nan
 1.5867491e+00           -nan           -nan           -nan
 1.5872491e+00           -nan           -nan           -nan
 1.5877491e+00           -nan           -nan           -nan
 1.5882491e+00           -nan           -nan           -nan
 1.5887491e+00           -nan           -nan           -nan
 1.5892491e+00           -nan           -nan           -nan
 1.5897491e+00           -nan           -nan           -nan
 1.5902491e+00           -nan           -nan           -nan
 1.5907491e+00           -nan           -nan           -nan
 1.5912491e+00           -nan           -nan           -nan
 1.5917491e+00           -nan           -nan           -nan
 1.5922491e+00           -nan           -nan           -nan
 1.5927491e+00           -nan           -nan           -nan
 1.5932491e+00           -nan           -nan           -nan
 1.5937491e+00           -nan           -nan           -nan
 1.5942491e+00           -nan           -nan           -nan
 1.5947491e+00           -nan           -nan           -nan
 1.5952491e+00           -nan           -nan           -nan
 1.5957491e+00           -nan           -nan           -nan
 1.5962491e+00           -nan           -nan           -nan
 1.5967491e+00           -nan           -nan           -nan
 1.5972491e+00           -nan           -nan           -nan
 1.5977491e+00           -nan           -nan           -nan
 1.5982491e+00           -nan           -nan           -nan
 1.5987491e+00           -nan           -nan           -nan
 1.5992491e+00           -nan           -nan           -nan
 1.5997491e+00           -nan           -nan           -nan
 1.6002491e+00           -nan           -nan           -nan
 1.6007491e+00           -nan           -nan           -nan
 1.6012491e+00           -nan           -nan           -nan
 1.6017491e+00           -nan           -nan           -nan
 1.6022491e+00           -nan           -nan           -nan
 1.6027491e+00           -nan           -nan           -nan
 1.6032491e+00           -nan           -nan           -nan
 1.6037491e+00           -nan           -nan           -nan
 1.6042491e+00           -nan           -nan           -nan
 1.6047491e+00           -nan           -nan           -nan
 1.6052491e+00           -nan           -nan           -nan
 1.6057491e+00           -nan           -nan           -nan
 1.6062491e+00           -nan           -nan           -nan
 1.6067491e+00           -nan           -nan           -nan
 1.6072491e+00           -nan           -nan           -nan
 1.6077491e+00           -nan           -nan           -nan
 1.6082491e+00           -nan           -nan           -nan
 1.6087491e+00           -nan           -nan           -nan
 1.6092491e+00           -nan           -nan           -nan
 1.6097491e+00           -nan           -nan           -nan
 1.6102491e+00           -nan           -nan           -nan
 1.6107491e+00           -nan           -nan           -nan
