/scratch/groups/ping_group/zbai29/GaAs/init/small_dataset/DMD/ExEy0.00050-eph
spark-a216
Tue Apr 30 16:26:57 CDT 2024
Running program on 2 nodes with 10 total tasks
with each node getting  tasks.
