#time(au), tau by FD, tau without precession, tau
 0.0000000000e+01 fs: -0.0000000e+00 -0.0000000e+00 -0.0000000e+00 ps
 1.0000000000e+01 fs: -3.1550757e-04 -3.1555091e-04 -3.1550760e-04 ps
 2.0000000000e+01 fs:  2.1336898e-01  1.6753806e-01  2.1336958e-01 ps
 3.0000000000e+01 fs: -2.2353306e-03 -2.2367644e-03 -2.2353306e-03 ps
 4.0000000000e+01 fs: -8.8278715e-02 -8.7639718e-02 -8.8278571e-02 ps
 5.0000000000e+01 fs:  3.6336467e-03  3.6346060e-03  3.6336464e-03 ps
 6.0000000000e+01 fs:  2.6532077e-02  2.6472715e-02  2.6532076e-02 ps
 7.0000000000e+01 fs: -8.6655148e-03 -8.6703248e-03 -8.6655159e-03 ps
 8.0000000000e+01 fs: -7.7783921e-02 -7.7929189e-02 -7.7783845e-02 ps
 9.0000000000e+01 fs:  8.7406264e-03  8.7440078e-03  8.7406261e-03 ps
 1.0000000000e+02 fs: -2.6611920e-03 -2.6639871e-03 -2.6611919e-03 ps
