#time(au), tau by FD, tau without precession, tau
 0.0000000000e+01 fs:  0.0000000e+00  0.0000000e+00  0.0000000e+00 ps
 1.0000000000e+01 fs: -1.2594171e-03 -1.2595541e-03 -1.2594171e-03 ps
 2.0000000000e+01 fs: -4.2452903e-01 -4.2604697e-01 -4.2452917e-01 ps
 3.0000000000e+01 fs: -9.8165770e-03 -9.8166277e-03 -9.8165770e-03 ps
 4.0000000000e+01 fs:  2.7468222e-02  2.7467074e-02  2.7468222e-02 ps
 5.0000000000e+01 fs:  1.7047121e-02  1.7044916e-02  1.7047122e-02 ps
 6.0000000000e+01 fs:  1.2908069e-01  1.2898174e-01  1.2908067e-01 ps
 7.0000000000e+01 fs: -7.3264961e-03 -7.3263751e-03 -7.3264961e-03 ps
 8.0000000000e+01 fs:  2.0606513e-02  2.0606820e-02  2.0606513e-02 ps
 9.0000000000e+01 fs:  4.8328956e-03  4.8327394e-03  4.8328956e-03 ps
 1.0000000000e+02 fs: -2.3002974e-02 -2.2999967e-02 -2.3002974e-02 ps
