#time(au), tau by FD, tau without precession, tau
 0.0000000000e+01 fs: -0.0000000e+00 -0.0000000e+00 -0.0000000e+00 ps
 1.0000000000e+01 fs: -1.6035698e-04 -1.6038575e-04 -1.6035700e-04 ps
 2.0000000000e+01 fs: -2.1960876e-02 -2.8799301e-02 -2.1960814e-02 ps
 3.0000000000e+01 fs:  5.0716435e-03  5.0823689e-03  5.0716434e-03 ps
 4.0000000000e+01 fs: -5.1737812e-02 -5.1961837e-02 -5.1737864e-02 ps
 5.0000000000e+01 fs: -1.3444324e-02 -1.3457545e-02 -1.3444321e-02 ps
 6.0000000000e+01 fs:  2.5489575e-02  2.5557016e-02  2.5489575e-02 ps
 7.0000000000e+01 fs: -5.0071859e-03 -5.0054745e-03 -5.0071855e-03 ps
 8.0000000000e+01 fs: -4.2415125e-02 -4.2367359e-02 -4.2415149e-02 ps
 9.0000000000e+01 fs:  6.2179924e-03  6.2162775e-03  6.2179925e-03 ps
 1.0000000000e+02 fs: -4.4116792e-03 -4.4032405e-03 -4.4116795e-03 ps
