E(eV) ImSigma(eV) N_States
 1.4295539e+00  9.6078690e-38 2
 1.5310572e+00  1.4889934e-03 16
 1.5634518e+00  5.5782051e-03 12
