/scratch/groups/ping_group/zbai29/GaAs_DFT_nosym
spark-i153
Tue Apr 30 16:12:22 CDT 2024
Running program on 1 nodes with 32 total tasks
with each node getting 32 tasks.
