
*************** JDFTx 1.7  ***************
+++++++++++++++ Linked to JDFTx 1.7.0 (git hash c918ff5) +++++++++++++++

Start date and time: Mon Apr 29 15:27:28 2024
Executable /software/groups/ping_group/zbai29/jdftx-202209-ru/build-FeynWann/lindbladInit_for-DMD-4.5.6/init_for-DMD with command-line: -i lindbladInit.in
Running on hosts (process indices):  spark-a223 (0-127)
Divided in process groups (process indices):  0 (0)  1 (1)  2 (2)  3 (3)  4 (4)  5 (5)  6 (6)  7 (7)  8 (8)  9 (9)  10 (10)  11 (11)  12 (12)  13 (13)  14 (14)  15 (15)  16 (16)  17 (17)  18 (18)  19 (19)  20 (20)  21 (21)  22 (22)  23 (23)  24 (24)  25 (25)  26 (26)  27 (27)  28 (28)  29 (29)  30 (30)  31 (31)  32 (32)  33 (33)  34 (34)  35 (35)  36 (36)  37 (37)  38 (38)  39 (39)  40 (40)  41 (41)  42 (42)  43 (43)  44 (44)  45 (45)  46 (46)  47 (47)  48 (48)  49 (49)  50 (50)  51 (51)  52 (52)  53 (53)  54 (54)  55 (55)  56 (56)  57 (57)  58 (58)  59 (59)  60 (60)  61 (61)  62 (62)  63 (63)  64 (64)  65 (65)  66 (66)  67 (67)  68 (68)  69 (69)  70 (70)  71 (71)  72 (72)  73 (73)  74 (74)  75 (75)  76 (76)  77 (77)  78 (78)  79 (79)  80 (80)  81 (81)  82 (82)  83 (83)  84 (84)  85 (85)  86 (86)  87 (87)  88 (88)  89 (89)  90 (90)  91 (91)  92 (92)  93 (93)  94 (94)  95 (95)  96 (96)  97 (97)  98 (98)  99 (99)  100 (100)  101 (101)  102 (102)  103 (103)  104 (104)  105 (105)  106 (106)  107 (107)  108 (108)  109 (109)  110 (110)  111 (111)  112 (112)  113 (113)  114 (114)  115 (115)  116 (116)  117 (117)  118 (118)  119 (119)  120 (120)  121 (121)  122 (122)  123 (123)  124 (124)  125 (125)  126 (126)  127 (127)
Resource initialization completed at t[s]:      0.01
Run totals: 128 processes, 128 threads, 0 GPUs

Inputs after conversion to atomic units:
NkMult = [  2  2  2  ]
dmuMin = 0.0525515
dmuMax = 0.0525515
Tmax = 0.000950043
nkBT = 7
pumpOmegaMax = 0.0540215
pumpTau = 2067.07
probeOmegaMax = 0.0734986
band_skipped = 0
assumeMetal = 0
assumeMetal_scatt = 0
useFinek_for_ERange = 0
EBot_set = 0
ETop_set = -0.0367493
kparis_eph_eimp = 0
read_kpts = 0
read_kpts_2nd = 0
read_kpairs = 0
read_erange_brange = 0
ePhMode = DiagK
ePhOnlyElec = 1
ePhOnlyHole = 0
onlyInterValley = 0
onlyIntraValley = 0
modeStart = 0
modeStop = -1
modeSkipStart = 0
modeSkipStop = -1
detailBalance = 0
ePhDelta = 0.000183747
nEphDelta = 1000
omegabyTCut = 0.001
ePhOmegaCut = 1e-06
maxNeighbors = 0
degthr = 1e-08
defectName = 
iDefect = 1
eScattOnlyElec = 1
eScattOnlyHole = 0
scattDelta = 0.000183747
nScattDelta = 1000
detailBalance_defect = 0
omegaL = 9.50043e-08
DEBUG = 0
needConventional = 0
writeU = 1
write_sparseP = 0
writegm = 1
keepgm = 0
mergegm = 0
layerOcc = 0
writeHEz = 0
needOmegaPhMax = 1
save_dHePhSum_disk = 1
needL = 0
gfac_mean = 2.00232 2.00232 2.00232
gfac_sigma = 0 0 0
gfac_cap = 0 0 0
read_gfack = 0
Bext = [  0  0  0  ]
orbitalZeeman = no
EzExt = 0
scissor = 0.0155905
EshiftWeight = 0
bandSumLQ = no
enforceKramerDeg = no
degeneracyThreshold = 3.67493e-06
trunc_iDi_outer = 0

Reading 'Wannier/totalE.out' ... done.
NOTE: mu unavailable; assuming semiconductor/insulator and setting to VBM.
Reading 'Wannier/totalE.eigenvals' ... done.
mu = 0.180239
nElectrons = 8
nBandsDFT = 34
nSpins = 1
nSpinor = 2
spinSuffix = ''
kfold = [  24  24  24  ]
isTruncated = [  0  0  0  ]
R:
[  0  5.34145  5.34145  ]
[  5.34145  0  5.34145  ]
[  5.34145  5.34145  0  ]
Atoms with fractional coordinates:
	Ga   0.000000000000000   0.000000000000000   0.000000000000000
	As   0.250000000000000   0.250000000000000   0.250000000000000

Reading 'Wannier/wannier.mlwfCellMap' ... done.
Reading 'Wannier/wannier.mlwfBandContrib' ... done.
nBands = 16


Reading 'Wannier/wannier.out' ... done.
EminInner = -0.11
EmaxInner = 0.318
Reading 'Wannier/wannier.mlwfCellWeights' ... done.

Reading 'Wannier/phonon.out' ... done.
nModes = 6
phononSup = [  4  4  4  ]

Reading 'Wannier/totalE.phononBasis' ... done.
Reading 'Wannier/totalE.phononCellMap' ... done.
Reading 'Wannier/totalE.phononOmegaSq' ... done.
Reading 'Wannier/wannier.mlwfCellMapPh' ... done.
Reading 'Wannier/wannier.mlwfCellMapPhSum' ... done.
Reading 'Wannier/wannier.mlwfCellWeightsPh' ... done.
Reading 'Wannier/wannier.mlwfHePh' ... done.
Reading 'Wannier/wannier.mlwfHePhSum' ... done.
Reading 'Wannier/wannier.mlwfD' ... done.

Reading 'Wannier/wannier.out' ... done.
polar = yes

Reading 'Wannier/totalE.Zeff' ... done.
Reading 'Wannier/totalE.epsInf' ... done.
Reading 'Wannier/totalE.phononCellWeights' ... done.
Reading 'Wannier/wannier.mlwfH' ... done.
Reading 'Wannier/wannier.mlwfP' ... done.
Reading 'Wannier/wannier.mlwfS' ... done.

modeStop = 6
Maximum phonon energy: 37.5741 meV

carrier_density = 0 a.u.
Carrier density:  0.0000000e+00 cm^-3

Effective interpolated k-mesh dimensions: [  48  48  48  ]
Effectively sampled nKpts: 110592

find number of DFT bands skipped in Wannier
band_skipped = 2

Determin VBM and CBM using DFT k meshes
Reading 'Wannier/totalE.eigenvals' ... done.
VBM: 0.000000 eV, CBM: 1.430000 eV, Middle: 0.715000
Note that VBM and CBM may not be determined correctly,
you may have to use band_skipped to set starting band index of wannier bands

The system is not metalic
Emargin = 0.181 eV
Active energy range for probe: -2.172 to 3.677 eV
Active energy range for kpointSelect: 0.715 to 1.611 eV
Active energy range for density matrix: -0.106 to 1.611 eV

bBot_probe= 0 bTop_probe= 10
bBot_dm= 2 bTop_dm= 8
bBot_eph= 6 bTop_eph= 8 bCBM= 6
Scanning k-points with active states: done.
Found 15 k-points with active states from  1.10592000000000e+05 total k-points (7373x reduction)

saveR done
saveSize done
saveEk done

dmu =  5.25515330209184e-02 ( 1.43000000000000e+00 eV)

Compute StateE in parallel: done
bcastState_JX done

size of E: 10
size of U: 16 2
size of S: 6 6
size of L: 0 0
size of v: 6 10


At dmuMax, majority density: Carrier density:  2.7878243e+17 cm^-3
At dmuMax, minority density: Carrier density:  0.0000000e+00 cm^-3
At dmuMin, majority density: Carrier density:  2.7878243e+17 cm^-3
At dmuMin, minority density: Carrier density:  0.0000000e+00 cm^-3
saveElec done

Spin mixing |b|^2: 0.132436 0.133113 0.066216

For kpairSelect: Estart= 0.0262758 Estop= 0.0592018 bStart= 6 bStop= 8

Number of pairs: 120

Randomly rearranging kpairs done
bcast kpairs done
saveSize done
saveKpair done

For ePh: Estart= 0.715 eV Estop= 1.61096 eV bStart= 6 bStop= 8

Compute EPH: 

imsig_min = 9.60787e-38 eV imsig_max = 0.00558142 eV
Active energy range for printing ImSigma(E): 1.395 to 1.611 eV
done.

dSz = 0 Szdot = 8.73885e-18 T1z = -0 ps
dSz = -3.58061e-08 Szdot = 1.73212e-15 T1z = 500.029 ps
dSz = -3.58061e-09 Szdot = 1.81077e-16 T1z = 478.31 ps

Merge ldbd_data/ldbd_P1_lindblad.bin
Merge ldbd_data/ldbd_P2_lindblad.bin

drhosdeg = 1 obsdeg = 1 imsigma_eph = 0 fac_imsig = 0 impurity_broadening = 0 eV
dS[2] = -0.00681979 Sdot[2] = 1.45338e-07 T1 = 1.26003 1.27449 1.13503 ps

**************************************************
dRho formula with constant smearings:
**************************************************

drhosdeg = 0 obsdeg = 0 imsigma_eph = 1 fac_imsig = 0 impurity_broadening = 0.001 eV
dS[2] = -0.00841628 Sdot[2] = 1.02833e-09 T1 = 196.957 196.929 197.971 ps

drhosdeg = 0 obsdeg = 0 imsigma_eph = 1 fac_imsig = 0 impurity_broadening = 0.005 eV
dS[2] = -0.00841628 Sdot[2] = 4.05083e-10 T1 = 502.547 502.545 502.564 ps

**************************************************
dRho formula with ImSigma_eph + a constant:
**************************************************

drhosdeg = 0 obsdeg = 0 imsigma_eph = 1 fac_imsig = 1 impurity_broadening = 0 eV
dS[2] = -0.00841628 Sdot[2] = 4.87061e-10 T1 = 417.9 417.896 417.977 ps

drhosdeg = 0 obsdeg = 0 imsigma_eph = 1 fac_imsig = 0.5 impurity_broadening = 0 eV
dS[2] = -0.00841628 Sdot[2] = 8.41797e-10 T1 = 241.757 241.754 241.84 ps

drhosdeg = 0 obsdeg = 0 imsigma_eph = 1 fac_imsig = 1 impurity_broadening = 0.001 eV
dS[2] = -0.00841628 Sdot[2] = 3.87461e-10 T1 = 525.338 525.334 525.421 ps

drhosdeg = 0 obsdeg = 0 imsigma_eph = 1 fac_imsig = 1 impurity_broadening = 0.005 eV
dS[2] = -0.00841628 Sdot[2] = 2.21319e-10 T1 = 919.758 919.753 919.85 ps

Delete gm:

defect_fraction = 0
End date and time: Mon Apr 29 15:32:19 2024  (Duration: 0-0:04:50.81)
Done!

PROFILER:    DistributedMatrix::compute1     0.112533 +/-     0.069404 s,   10 calls,      1.125330 s total
PROFILER:  DistributedMatrix::transform1     0.113910 +/-     0.046465 s, 1945 calls,    221.555838 s total
PROFILER:       FeynWann::eLoop:callback     0.000000 +/-     0.000001 s, 41472 calls,      0.003060 s total
PROFILER:      FeynWann::phLoop:callback     0.000000 +/-     0.000002 s,   64 calls,      0.000020 s total
PROFILER:  FeynWann::setState:rotations1     0.000000 +/-     0.000001 s, 41474 calls,      0.001794 s total
PROFILER:  FeynWann::setState:rotations2     0.000000 +/-     0.000000 s,    1 calls,      0.000000 s total
PROFILER:            matrix::diagonalize     0.000058 +/-     0.000014 s, 41538 calls,      2.393814 s total

MEMUSAGE:                         matrix     0.123978 GB
MEMUSAGE:                           misc     0.728625 GB
MEMUSAGE:                          Total     0.790618 GB
