/home/zbai29/data/GaAs/init/small_dataset
spark-a223
Mon Apr 29 15:27:20 CDT 2024
Running program on 1 nodes with 128 total tasks
with each node getting 128 tasks.
